stm32f4xx_hal_sd.c:335:19:HAL_SD_Init	16	static
stm32f4xx_hal_sd.c:403:19:HAL_SD_InitCard	72	static
stm32f4xx_hal_sd.c:470:19:HAL_SD_DeInit	16	static
stm32f4xx_hal_sd.c:511:13:HAL_SD_MspInit	16	static
stm32f4xx_hal_sd.c:526:13:HAL_SD_MspDeInit	16	static
stm32f4xx_hal_sd.c:567:19:HAL_SD_ReadBlocks	80	static
stm32f4xx_hal_sd.c:782:19:HAL_SD_WriteBlocks	80	static
stm32f4xx_hal_sd.c:970:19:HAL_SD_ReadBlocks_IT	56	static
stm32f4xx_hal_sd.c:1066:19:HAL_SD_WriteBlocks_IT	56	static
stm32f4xx_hal_sd.c:1163:19:HAL_SD_ReadBlocks_DMA	56	static
stm32f4xx_hal_sd.c:1284:19:HAL_SD_WriteBlocks_DMA	56	static
stm32f4xx_hal_sd.c:1407:19:HAL_SD_Erase	40	static
stm32f4xx_hal_sd.c:1509:6:HAL_SD_IRQHandler	24	static
stm32f4xx_hal_sd.c:1725:21:HAL_SD_GetState	16	static
stm32f4xx_hal_sd.c:1736:10:HAL_SD_GetError	16	static
stm32f4xx_hal_sd.c:1746:13:HAL_SD_TxCpltCallback	16	static
stm32f4xx_hal_sd.c:1761:13:HAL_SD_RxCpltCallback	16	static
stm32f4xx_hal_sd.c:1776:13:HAL_SD_ErrorCallback	16	static
stm32f4xx_hal_sd.c:1791:13:HAL_SD_AbortCallback	16	static
stm32f4xx_hal_sd.c:2002:19:HAL_SD_GetCardCID	16	static
stm32f4xx_hal_sd.c:2035:19:HAL_SD_GetCardCSD	16	static
stm32f4xx_hal_sd.c:2149:19:HAL_SD_GetCardStatus	88	static
stm32f4xx_hal_sd.c:2209:19:HAL_SD_GetCardInfo	16	static
stm32f4xx_hal_sd.c:2234:19:HAL_SD_ConfigWideBusOperation	72	static
stm32f4xx_hal_sd.c:2316:25:HAL_SD_GetCardState	32	static
stm32f4xx_hal_sd.c:2339:19:HAL_SD_Abort	24	static
stm32f4xx_hal_sd.c:2403:19:HAL_SD_Abort_IT	24	static
stm32f4xx_hal_sd.c:2490:13:SD_DMATransmitCplt	24	static
stm32f4xx_hal_sd.c:2503:13:SD_DMAReceiveCplt	24	static
stm32f4xx_hal_sd.c:2545:13:SD_DMAError	32	static
stm32f4xx_hal_sd.c:2589:13:SD_DMATxAbort	24	static
stm32f4xx_hal_sd.c:2628:13:SD_DMARxAbort	24	static
stm32f4xx_hal_sd.c:2667:17:SD_InitCard	96	static
stm32f4xx_hal_sd.c:2759:17:SD_PowerON	32	static
stm32f4xx_hal_sd.c:2849:13:SD_PowerOFF	16	static
stm32f4xx_hal_sd.c:2862:17:SD_SendSDStatus	56	static
stm32f4xx_hal_sd.c:2968:17:SD_SendStatus	24	static
stm32f4xx_hal_sd.c:2995:17:SD_WideBus_Enable	32	static
stm32f4xx_hal_sd.c:3042:17:SD_WideBus_Disable	32	static
stm32f4xx_hal_sd.c:3091:17:SD_FindSCR	72	static
stm32f4xx_hal_sd.c:3188:13:SD_Read_IT	32	static
stm32f4xx_hal_sd.c:3227:13:SD_Write_IT	32	static
