stm32f446xx.spi_driver.c:17:6:SPI_PeriClockControl	16	static
stm32f446xx.spi_driver.c:65:6:SPI_Init	24	static
stm32f446xx.spi_driver.c:110:6:SPI_DeInit	16	static
stm32f446xx.spi_driver.c:132:9:SPI_GetFlagStatus	16	static
stm32f446xx.spi_driver.c:146:6:SPI_SendData	24	static
stm32f446xx.spi_driver.c:177:6:SPI_ReceiveData	24	static
stm32f446xx.spi_driver.c:206:9:SPI_SendDataIT	32	static
stm32f446xx.spi_driver.c:232:9:SPI_ReceiveDataIT	32	static
stm32f446xx.spi_driver.c:257:6:SPI_PeripheralControl	16	static
stm32f446xx.spi_driver.c:270:6:SPI_SSIConfig	16	static
stm32f446xx.spi_driver.c:284:6:SPI_SSOEConfig	16	static
stm32f446xx.spi_driver.c:298:6:SPI_IRQInterruptConfig	16	static
stm32f446xx.spi_driver.c:341:6:SPI_IRQPriorityConfig	24	static
stm32f446xx.spi_driver.c:356:6:SPI_IRQHandling	24	static
stm32f446xx.spi_driver.c:403:13:spi_txe_interrupt_handle	16	static
stm32f446xx.spi_driver.c:436:13:spi_rxne_interrupt_handle	16	static
stm32f446xx.spi_driver.c:468:13:spi_ovr_interrupt_handle	24	static
stm32f446xx.spi_driver.c:486:6:SPI_CloseTransmission	16	static
stm32f446xx.spi_driver.c:495:6:SPI_CloseReception	16	static
stm32f446xx.spi_driver.c:504:6:SPI_ClearOVRFlag	24	static
stm32f446xx.spi_driver.c:513:13:SPI_ApplicationEventCallback	16	static
