bsp_driver_sd.c:47:16:BSP_SD_Init	16	static
bsp_driver_sd.c:78:16:BSP_SD_ITConfig	4	static
bsp_driver_sd.c:87:13:BSP_SD_DetectIT	4	static
bsp_driver_sd.c:104:16:BSP_SD_ReadBlocks	40	static
bsp_driver_sd.c:127:16:BSP_SD_WriteBlocks	40	static
bsp_driver_sd.c:149:16:BSP_SD_ReadBlocks_DMA	32	static
bsp_driver_sd.c:172:16:BSP_SD_WriteBlocks_DMA	32	static
bsp_driver_sd.c:194:16:BSP_SD_Erase	24	static
bsp_driver_sd.c:214:16:BSP_SD_GetCardState	8	static
bsp_driver_sd.c:224:13:BSP_SD_GetCardInfo	16	static
bsp_driver_sd.c:238:6:HAL_SD_AbortCallback	16	static
bsp_driver_sd.c:248:6:HAL_SD_TxCpltCallback	16	static
bsp_driver_sd.c:258:6:HAL_SD_RxCpltCallback	16	static
bsp_driver_sd.c:269:13:BSP_SD_AbortCallback	4	static
bsp_driver_sd.c:279:13:BSP_SD_WriteCpltCallback	4	static
bsp_driver_sd.c:289:13:BSP_SD_ReadCpltCallback	4	static
bsp_driver_sd.c:301:16:BSP_SD_IsDetected	16	static
