Archive member included to satisfy reference by file (symbol)

c:/st/stm32cubeide_1.3.0/stm32cubeide/plugins/com.st.stm32cube.ide.mcu.externaltools.gnu-tools-for-stm32.7-2018-q2-update.win32_1.4.0.202007081208/tools/bin/../lib/gcc/arm-none-eabi/7.3.1/../../../../arm-none-eabi/lib/thumb/v7e-m/fpv4-sp/hard\libc_nano.a(lib_a-errno.o)
                              Core/Src/syscalls.o (__errno)
c:/st/stm32cubeide_1.3.0/stm32cubeide/plugins/com.st.stm32cube.ide.mcu.externaltools.gnu-tools-for-stm32.7-2018-q2-update.win32_1.4.0.202007081208/tools/bin/../lib/gcc/arm-none-eabi/7.3.1/../../../../arm-none-eabi/lib/thumb/v7e-m/fpv4-sp/hard\libc_nano.a(lib_a-exit.o)
                              c:/st/stm32cubeide_1.3.0/stm32cubeide/plugins/com.st.stm32cube.ide.mcu.externaltools.gnu-tools-for-stm32.7-2018-q2-update.win32_1.4.0.202007081208/tools/bin/../lib/gcc/arm-none-eabi/7.3.1/../../../../arm-none-eabi/lib/thumb/v7e-m/fpv4-sp/hard/crt0.o (exit)
c:/st/stm32cubeide_1.3.0/stm32cubeide/plugins/com.st.stm32cube.ide.mcu.externaltools.gnu-tools-for-stm32.7-2018-q2-update.win32_1.4.0.202007081208/tools/bin/../lib/gcc/arm-none-eabi/7.3.1/../../../../arm-none-eabi/lib/thumb/v7e-m/fpv4-sp/hard\libc_nano.a(lib_a-impure.o)
                              c:/st/stm32cubeide_1.3.0/stm32cubeide/plugins/com.st.stm32cube.ide.mcu.externaltools.gnu-tools-for-stm32.7-2018-q2-update.win32_1.4.0.202007081208/tools/bin/../lib/gcc/arm-none-eabi/7.3.1/../../../../arm-none-eabi/lib/thumb/v7e-m/fpv4-sp/hard\libc_nano.a(lib_a-exit.o) (_global_impure_ptr)
c:/st/stm32cubeide_1.3.0/stm32cubeide/plugins/com.st.stm32cube.ide.mcu.externaltools.gnu-tools-for-stm32.7-2018-q2-update.win32_1.4.0.202007081208/tools/bin/../lib/gcc/arm-none-eabi/7.3.1/../../../../arm-none-eabi/lib/thumb/v7e-m/fpv4-sp/hard\libc_nano.a(lib_a-init.o)
                              c:/st/stm32cubeide_1.3.0/stm32cubeide/plugins/com.st.stm32cube.ide.mcu.externaltools.gnu-tools-for-stm32.7-2018-q2-update.win32_1.4.0.202007081208/tools/bin/../lib/gcc/arm-none-eabi/7.3.1/../../../../arm-none-eabi/lib/thumb/v7e-m/fpv4-sp/hard/crt0.o (__libc_init_array)
c:/st/stm32cubeide_1.3.0/stm32cubeide/plugins/com.st.stm32cube.ide.mcu.externaltools.gnu-tools-for-stm32.7-2018-q2-update.win32_1.4.0.202007081208/tools/bin/../lib/gcc/arm-none-eabi/7.3.1/../../../../arm-none-eabi/lib/thumb/v7e-m/fpv4-sp/hard\libc_nano.a(lib_a-memset.o)
                              c:/st/stm32cubeide_1.3.0/stm32cubeide/plugins/com.st.stm32cube.ide.mcu.externaltools.gnu-tools-for-stm32.7-2018-q2-update.win32_1.4.0.202007081208/tools/bin/../lib/gcc/arm-none-eabi/7.3.1/../../../../arm-none-eabi/lib/thumb/v7e-m/fpv4-sp/hard/crt0.o (memset)
c:/st/stm32cubeide_1.3.0/stm32cubeide/plugins/com.st.stm32cube.ide.mcu.externaltools.gnu-tools-for-stm32.7-2018-q2-update.win32_1.4.0.202007081208/tools/bin/../lib/gcc/arm-none-eabi/7.3.1/thumb/v7e-m/fpv4-sp/hard\libgcc.a(_aeabi_uldivmod.o)
                              Drivers/STM32F4xx_HAL_Driver/Src/stm32f4xx_hal_rcc.o (__aeabi_uldivmod)
c:/st/stm32cubeide_1.3.0/stm32cubeide/plugins/com.st.stm32cube.ide.mcu.externaltools.gnu-tools-for-stm32.7-2018-q2-update.win32_1.4.0.202007081208/tools/bin/../lib/gcc/arm-none-eabi/7.3.1/thumb/v7e-m/fpv4-sp/hard\libgcc.a(_udivmoddi4.o)
                              c:/st/stm32cubeide_1.3.0/stm32cubeide/plugins/com.st.stm32cube.ide.mcu.externaltools.gnu-tools-for-stm32.7-2018-q2-update.win32_1.4.0.202007081208/tools/bin/../lib/gcc/arm-none-eabi/7.3.1/thumb/v7e-m/fpv4-sp/hard\libgcc.a(_aeabi_uldivmod.o) (__udivmoddi4)
c:/st/stm32cubeide_1.3.0/stm32cubeide/plugins/com.st.stm32cube.ide.mcu.externaltools.gnu-tools-for-stm32.7-2018-q2-update.win32_1.4.0.202007081208/tools/bin/../lib/gcc/arm-none-eabi/7.3.1/thumb/v7e-m/fpv4-sp/hard\libgcc.a(_dvmd_tls.o)
                              c:/st/stm32cubeide_1.3.0/stm32cubeide/plugins/com.st.stm32cube.ide.mcu.externaltools.gnu-tools-for-stm32.7-2018-q2-update.win32_1.4.0.202007081208/tools/bin/../lib/gcc/arm-none-eabi/7.3.1/thumb/v7e-m/fpv4-sp/hard\libgcc.a(_aeabi_uldivmod.o) (__aeabi_ldiv0)

Allocating common symbols
Common symbol       size              file

uwTick              0x4               Drivers/STM32F4xx_HAL_Driver/Src/stm32f4xx_hal.o
pFlash              0x20              Drivers/STM32F4xx_HAL_Driver/Src/stm32f4xx_hal_flash.o
huart2              0x40              Core/Src/main.o

Discarded input sections

 .text          0x0000000000000000        0x0 c:/st/stm32cubeide_1.3.0/stm32cubeide/plugins/com.st.stm32cube.ide.mcu.externaltools.gnu-tools-for-stm32.7-2018-q2-update.win32_1.4.0.202007081208/tools/bin/../lib/gcc/arm-none-eabi/7.3.1/thumb/v7e-m/fpv4-sp/hard/crti.o
 .data          0x0000000000000000        0x0 c:/st/stm32cubeide_1.3.0/stm32cubeide/plugins/com.st.stm32cube.ide.mcu.externaltools.gnu-tools-for-stm32.7-2018-q2-update.win32_1.4.0.202007081208/tools/bin/../lib/gcc/arm-none-eabi/7.3.1/thumb/v7e-m/fpv4-sp/hard/crti.o
[...]
Memory Configuration

Name             Origin             Length             Attributes
RAM              0x0000000020000000 0x0000000000020000 xrw
FLASH            0x0000000008000000 0x0000000000080000 xr
*default*        0x0000000000000000 0xffffffffffffffff

Linker script and memory map

LOAD c:/st/stm32cubeide_1.3.0/stm32cubeide/plugins/com.st.stm32cube.ide.mcu.externaltools.gnu-tools-for-stm32.7-2018-q2-update.win32_1.4.0.202007081208/tools/bin/../lib/gcc/arm-none-eabi/7.3.1/thumb/v7e-m/fpv4-sp/hard/crti.o
LOAD c:/st/stm32cubeide_1.3.0/stm32cubeide/plugins/com.st.stm32cube.ide.mcu.externaltools.gnu-tools-for-stm32.7-2018-q2-update.win32_1.4.0.202007081208/tools/bin/../lib/gcc/arm-none-eabi/7.3.1/thumb/v7e-m/fpv4-sp/hard/crtbegin.o
LOAD c:/st/stm32cubeide_1.3.0/stm32cubeide/plugins/com.st.stm32cube.ide.mcu.externaltools.gnu-tools-for-stm32.7-2018-q2-update.win32_1.4.0.202007081208/tools/bin/../lib/gcc/arm-none-eabi/7.3.1/../../../../arm-none-eabi/lib/thumb/v7e-m/fpv4-sp/hard/crt0.o
LOAD Core/Src/main.o
LOAD Core/Src/stm32f4xx_hal_msp.o
LOAD Core/Src/stm32f4xx_it.o
LOAD Core/Src/syscalls.o
LOAD Core/Src/sysmem.o
LOAD Core/Src/system_stm32f4xx.o
LOAD Core/Startup/startup_stm32f446retx.o
LOAD Drivers/STM32F4xx_HAL_Driver/Src/stm32f4xx_hal.o
LOAD Drivers/STM32F4xx_HAL_Driver/Src/stm32f4xx_hal_cortex.o
LOAD Drivers/STM32F4xx_HAL_Driver/Src/stm32f4xx_hal_dma.o
LOAD Drivers/STM32F4xx_HAL_Driver/Src/stm32f4xx_hal_dma_ex.o
LOAD Drivers/STM32F4xx_HAL_Driver/Src/stm32f4xx_hal_exti.o
LOAD Drivers/STM32F4xx_HAL_Driver/Src/stm32f4xx_hal_flash.o
LOAD Drivers/STM32F4xx_HAL_Driver/Src/stm32f4xx_hal_flash_ex.o
LOAD Drivers/STM32F4xx_HAL_Driver/Src/stm32f4xx_hal_flash_ramfunc.o
LOAD Drivers/STM32F4xx_HAL_Driver/Src/stm32f4xx_hal_gpio.o
LOAD Drivers/STM32F4xx_HAL_Driver/Src/stm32f4xx_hal_pwr.o
LOAD Drivers/STM32F4xx_HAL_Driver/Src/stm32f4xx_hal_pwr_ex.o
LOAD Drivers/STM32F4xx_HAL_Driver/Src/stm32f4xx_hal_rcc.o
LOAD Drivers/STM32F4xx_HAL_Driver/Src/stm32f4xx_hal_rcc_ex.o
LOAD Drivers/STM32F4xx_HAL_Driver/Src/stm32f4xx_hal_tim.o
LOAD Drivers/STM32F4xx_HAL_Driver/Src/stm32f4xx_hal_tim_ex.o
LOAD Drivers/STM32F4xx_HAL_Driver/Src/stm32f4xx_hal_uart.o
START GROUP
LOAD c:/st/stm32cubeide_1.3.0/stm32cubeide/plugins/com.st.stm32cube.ide.mcu.externaltools.gnu-tools-for-stm32.7-2018-q2-update.win32_1.4.0.202007081208/tools/bin/../lib/gcc/arm-none-eabi/7.3.1/../../../../arm-none-eabi/lib/thumb/v7e-m/fpv4-sp/hard\libc_nano.a
LOAD c:/st/stm32cubeide_1.3.0/stm32cubeide/plugins/com.st.stm32cube.ide.mcu.externaltools.gnu-tools-for-stm32.7-2018-q2-update.win32_1.4.0.202007081208/tools/bin/../lib/gcc/arm-none-eabi/7.3.1/../../../../arm-none-eabi/lib/thumb/v7e-m/fpv4-sp/hard\libm.a
END GROUP
START GROUP
LOAD c:/st/stm32cubeide_1.3.0/stm32cubeide/plugins/com.st.stm32cube.ide.mcu.externaltools.gnu-tools-for-stm32.7-2018-q2-update.win32_1.4.0.202007081208/tools/bin/../lib/gcc/arm-none-eabi/7.3.1/thumb/v7e-m/fpv4-sp/hard\libgcc.a
LOAD c:/st/stm32cubeide_1.3.0/stm32cubeide/plugins/com.st.stm32cube.ide.mcu.externaltools.gnu-tools-for-stm32.7-2018-q2-update.win32_1.4.0.202007081208/tools/bin/../lib/gcc/arm-none-eabi/7.3.1/../../../../arm-none-eabi/lib/thumb/v7e-m/fpv4-sp/hard\libc_nano.a
END GROUP
START GROUP
LOAD c:/st/stm32cubeide_1.3.0/stm32cubeide/plugins/com.st.stm32cube.ide.mcu.externaltools.gnu-tools-for-stm32.7-2018-q2-update.win32_1.4.0.202007081208/tools/bin/../lib/gcc/arm-none-eabi/7.3.1/thumb/v7e-m/fpv4-sp/hard\libgcc.a
LOAD c:/st/stm32cubeide_1.3.0/stm32cubeide/plugins/com.st.stm32cube.ide.mcu.externaltools.gnu-tools-for-stm32.7-2018-q2-update.win32_1.4.0.202007081208/tools/bin/../lib/gcc/arm-none-eabi/7.3.1/../../../../arm-none-eabi/lib/thumb/v7e-m/fpv4-sp/hard\libc_nano.a
LOAD c:/st/stm32cubeide_1.3.0/stm32cubeide/plugins/com.st.stm32cube.ide.mcu.externaltools.gnu-tools-for-stm32.7-2018-q2-update.win32_1.4.0.202007081208/tools/bin/../lib/gcc/arm-none-eabi/7.3.1/../../../../arm-none-eabi/lib/thumb/v7e-m/fpv4-sp/hard\libnosys.a
END GROUP
START GROUP
LOAD c:/st/stm32cubeide_1.3.0/stm32cubeide/plugins/com.st.stm32cube.ide.mcu.externaltools.gnu-tools-for-stm32.7-2018-q2-update.win32_1.4.0.202007081208/tools/bin/../lib/gcc/arm-none-eabi/7.3.1/thumb/v7e-m/fpv4-sp/hard\libgcc.a
LOAD c:/st/stm32cubeide_1.3.0/stm32cubeide/plugins/com.st.stm32cube.ide.mcu.externaltools.gnu-tools-for-stm32.7-2018-q2-update.win32_1.4.0.202007081208/tools/bin/../lib/gcc/arm-none-eabi/7.3.1/../../../../arm-none-eabi/lib/thumb/v7e-m/fpv4-sp/hard\libc_nano.a
LOAD c:/st/stm32cubeide_1.3.0/stm32cubeide/plugins/com.st.stm32cube.ide.mcu.externaltools.gnu-tools-for-stm32.7-2018-q2-update.win32_1.4.0.202007081208/tools/bin/../lib/gcc/arm-none-eabi/7.3.1/../../../../arm-none-eabi/lib/thumb/v7e-m/fpv4-sp/hard\libnosys.a
END GROUP
LOAD c:/st/stm32cubeide_1.3.0/stm32cubeide/plugins/com.st.stm32cube.ide.mcu.externaltools.gnu-tools-for-stm32.7-2018-q2-update.win32_1.4.0.202007081208/tools/bin/../lib/gcc/arm-none-eabi/7.3.1/thumb/v7e-m/fpv4-sp/hard/crtend.o
LOAD c:/st/stm32cubeide_1.3.0/stm32cubeide/plugins/com.st.stm32cube.ide.mcu.externaltools.gnu-tools-for-stm32.7-2018-q2-update.win32_1.4.0.202007081208/tools/bin/../lib/gcc/arm-none-eabi/7.3.1/thumb/v7e-m/fpv4-sp/hard/crtn.o
                0x0000000020020000                _estack = (ORIGIN (RAM) + LENGTH (RAM))
                0x0000000000000200                _Min_Heap_Size = 0x200
                0x0000000000000400                _Min_Stack_Size = 0x400

.isr_vector     0x0000000008000000      0x1c4
                0x0000000008000000                . = ALIGN (0x4)
 *(.isr_vector)
 .isr_vector    0x0000000008000000      0x1c4 Core/Startup/startup_stm32f446retx.o
                0x0000000008000000                g_pfnVectors
                0x00000000080001c4                . = ALIGN (0x4)

.text           0x00000000080001c4     0x202c
                0x00000000080001c4                . = ALIGN (0x4)
 *(.text)
 .text          0x00000000080001c4       0x40 c:/st/stm32cubeide_1.3.0/stm32cubeide/plugins/com.st.stm32cube.ide.mcu.externaltools.gnu-tools-for-stm32.7-2018-q2-update.win32_1.4.0.202007081208/tools/bin/../lib/gcc/arm-none-eabi/7.3.1/thumb/v7e-m/fpv4-sp/hard/crtbegin.o
 .text          0x0000000008000204       0x30 c:/st/stm32cubeide_1.3.0/stm32cubeide/plugins/com.st.stm32cube.ide.mcu.externaltools.gnu-tools-for-stm32.7-2018-q2-update.win32_1.4.0.202007081208/tools/bin/../lib/gcc/arm-none-eabi/7.3.1/thumb/v7e-m/fpv4-sp/hard\libgcc.a(_aeabi_uldivmod.o)
                0x0000000008000204                __aeabi_uldivmod
 .text          0x0000000008000234      0x2cc c:/st/stm32cubeide_1.3.0/stm32cubeide/plugins/com.st.stm32cube.ide.mcu.externaltools.gnu-tools-for-stm32.7-2018-q2-update.win32_1.4.0.202007081208/tools/bin/../lib/gcc/arm-none-eabi/7.3.1/thumb/v7e-m/fpv4-sp/hard\libgcc.a(_udivmoddi4.o)
                0x0000000008000234                __udivmoddi4
 .text          0x0000000008000500        0x4 c:/st/stm32cubeide_1.3.0/stm32cubeide/plugins/com.st.stm32cube.ide.mcu.externaltools.gnu-tools-for-stm32.7-2018-q2-update.win32_1.4.0.202007081208/tools/bin/../lib/gcc/arm-none-eabi/7.3.1/thumb/v7e-m/fpv4-sp/hard\libgcc.a(_dvmd_tls.o)
                0x0000000008000500                __aeabi_idiv0
                0x0000000008000500                __aeabi_ldiv0
 *(.text*)
 .text.main     0x0000000008000504       0x4c Core/Src/main.o
                0x0000000008000504                main
 .text.SystemClock_Config
                0x0000000008000550       0xdc Core/Src/main.o
                0x0000000008000550                SystemClock_Config
 .text.MX_USART2_UART_Init
                0x000000000800062c       0x54 Core/Src/main.o
 .text.MX_GPIO_Init
                0x0000000008000680       0xfc Core/Src/main.o
 .text.Error_Handler
                0x000000000800077c        0xe Core/Src/main.o
                0x000000000800077c                Error_Handler
 *fill*         0x000000000800078a        0x2 
 .text.HAL_MspInit
                0x000000000800078c       0x50 Core/Src/stm32f4xx_hal_msp.o
                0x000000000800078c                HAL_MspInit
 .text.HAL_UART_MspInit
                0x00000000080007dc       0x90 Core/Src/stm32f4xx_hal_msp.o
                0x00000000080007dc                HAL_UART_MspInit
 .text.NMI_Handler
                0x000000000800086c        0xe Core/Src/stm32f4xx_it.o
                0x000000000800086c                NMI_Handler
 .text.HardFault_Handler
                0x000000000800087a        0x6 Core/Src/stm32f4xx_it.o
                0x000000000800087a                HardFault_Handler
 .text.MemManage_Handler
                0x0000000008000880        0x6 Core/Src/stm32f4xx_it.o
                0x0000000008000880                MemManage_Handler
 .text.BusFault_Handler
                0x0000000008000886        0x6 Core/Src/stm32f4xx_it.o
                0x0000000008000886                BusFault_Handler
 .text.UsageFault_Handler
                0x000000000800088c        0x6 Core/Src/stm32f4xx_it.o
                0x000000000800088c                UsageFault_Handler
 .text.SVC_Handler
                0x0000000008000892        0xe Core/Src/stm32f4xx_it.o
                0x0000000008000892                SVC_Handler
 .text.DebugMon_Handler
                0x00000000080008a0        0xe Core/Src/stm32f4xx_it.o
                0x00000000080008a0                DebugMon_Handler
 .text.PendSV_Handler
                0x00000000080008ae        0xe Core/Src/stm32f4xx_it.o
                0x00000000080008ae                PendSV_Handler
 .text.SysTick_Handler
                0x00000000080008bc        0xc Core/Src/stm32f4xx_it.o
                0x00000000080008bc                SysTick_Handler
 .text.SystemInit
                0x00000000080008c8       0x2c Core/Src/system_stm32f4xx.o
                0x00000000080008c8                SystemInit
 .text.Reset_Handler
                0x00000000080008f4       0x50 Core/Startup/startup_stm32f446retx.o
                0x00000000080008f4                Reset_Handler
 .text.Default_Handler
                0x0000000008000944        0x2 Core/Startup/startup_stm32f446retx.o
                0x0000000008000944                RTC_Alarm_IRQHandler
                0x0000000008000944                EXTI2_IRQHandler
                0x0000000008000944                TIM8_CC_IRQHandler
                0x0000000008000944                FMPI2C1_EV_IRQHandler
                0x0000000008000944                SPI4_IRQHandler
                0x0000000008000944                TIM1_CC_IRQHandler
                0x0000000008000944                DMA2_Stream5_IRQHandler
                0x0000000008000944                DMA1_Stream5_IRQHandler
                0x0000000008000944                PVD_IRQHandler
                0x0000000008000944                SDIO_IRQHandler
                0x0000000008000944                TAMP_STAMP_IRQHandler
                0x0000000008000944                CAN2_RX1_IRQHandler
                0x0000000008000944                EXTI3_IRQHandler
                0x0000000008000944                TIM8_TRG_COM_TIM14_IRQHandler
                0x0000000008000944                TIM1_UP_TIM10_IRQHandler
                0x0000000008000944                TIM8_UP_TIM13_IRQHandler
                0x0000000008000944                I2C3_ER_IRQHandler
                0x0000000008000944                EXTI0_IRQHandler
                0x0000000008000944                I2C2_EV_IRQHandler
                0x0000000008000944                DMA1_Stream2_IRQHandler
                0x0000000008000944                CAN1_RX0_IRQHandler
                0x0000000008000944                FPU_IRQHandler
                0x0000000008000944                OTG_HS_WKUP_IRQHandler
                0x0000000008000944                CAN2_SCE_IRQHandler
                0x0000000008000944                DMA2_Stream2_IRQHandler
                0x0000000008000944                SPI1_IRQHandler
                0x0000000008000944                TIM6_DAC_IRQHandler
                0x0000000008000944                TIM1_BRK_TIM9_IRQHandler
                0x0000000008000944                DCMI_IRQHandler
                0x0000000008000944                CAN2_RX0_IRQHandler
                0x0000000008000944                DMA2_Stream3_IRQHandler
                0x0000000008000944                SAI2_IRQHandler
                0x0000000008000944                USART6_IRQHandler
                0x0000000008000944                USART3_IRQHandler
                0x0000000008000944                CAN1_RX1_IRQHandler
                0x0000000008000944                UART5_IRQHandler
                0x0000000008000944                DMA2_Stream0_IRQHandler
                0x0000000008000944                TIM4_IRQHandler
                0x0000000008000944                QUADSPI_IRQHandler
                0x0000000008000944                I2C1_EV_IRQHandler
                0x0000000008000944                DMA1_Stream6_IRQHandler
                0x0000000008000944                DMA1_Stream1_IRQHandler
                0x0000000008000944                UART4_IRQHandler
                0x0000000008000944                TIM3_IRQHandler
                0x0000000008000944                RCC_IRQHandler
                0x0000000008000944                TIM8_BRK_TIM12_IRQHandler
                0x0000000008000944                Default_Handler
                0x0000000008000944                CEC_IRQHandler
                0x0000000008000944                EXTI15_10_IRQHandler
                0x0000000008000944                ADC_IRQHandler
                0x0000000008000944                DMA1_Stream7_IRQHandler
                0x0000000008000944                TIM7_IRQHandler
                0x0000000008000944                CAN2_TX_IRQHandler
                0x0000000008000944                TIM5_IRQHandler
                0x0000000008000944                DMA2_Stream7_IRQHandler
                0x0000000008000944                I2C3_EV_IRQHandler
                0x0000000008000944                EXTI9_5_IRQHandler
                0x0000000008000944                RTC_WKUP_IRQHandler
                0x0000000008000944                SPDIF_RX_IRQHandler
                0x0000000008000944                SPI2_IRQHandler
                0x0000000008000944                OTG_HS_EP1_IN_IRQHandler
                0x0000000008000944                DMA1_Stream0_IRQHandler
                0x0000000008000944                CAN1_TX_IRQHandler
                0x0000000008000944                FMPI2C1_ER_IRQHandler
                0x0000000008000944                EXTI4_IRQHandler
                0x0000000008000944                OTG_HS_EP1_OUT_IRQHandler
                0x0000000008000944                WWDG_IRQHandler
                0x0000000008000944                TIM2_IRQHandler
                0x0000000008000944                OTG_FS_WKUP_IRQHandler
                0x0000000008000944                TIM1_TRG_COM_TIM11_IRQHandler
                0x0000000008000944                OTG_HS_IRQHandler
                0x0000000008000944                EXTI1_IRQHandler
                0x0000000008000944                USART2_IRQHandler
                0x0000000008000944                I2C2_ER_IRQHandler
                0x0000000008000944                DMA2_Stream1_IRQHandler
                0x0000000008000944                CAN1_SCE_IRQHandler
                0x0000000008000944                FLASH_IRQHandler
                0x0000000008000944                DMA2_Stream4_IRQHandler
                0x0000000008000944                USART1_IRQHandler
                0x0000000008000944                OTG_FS_IRQHandler
                0x0000000008000944                SPI3_IRQHandler
                0x0000000008000944                DMA1_Stream4_IRQHandler
                0x0000000008000944                I2C1_ER_IRQHandler
                0x0000000008000944                FMC_IRQHandler
                0x0000000008000944                DMA2_Stream6_IRQHandler
                0x0000000008000944                SAI1_IRQHandler
                0x0000000008000944                DMA1_Stream3_IRQHandler
 *fill*         0x0000000008000946        0x2 
 .text.HAL_Init
                0x0000000008000948       0x44 Drivers/STM32F4xx_HAL_Driver/Src/stm32f4xx_hal.o
                0x0000000008000948                HAL_Init
 .text.HAL_InitTick
                0x000000000800098c       0x60 Drivers/STM32F4xx_HAL_Driver/Src/stm32f4xx_hal.o
                0x000000000800098c                HAL_InitTick
 .text.HAL_IncTick
                0x00000000080009ec       0x28 Drivers/STM32F4xx_HAL_Driver/Src/stm32f4xx_hal.o
                0x00000000080009ec                HAL_IncTick
 .text.HAL_GetTick
                0x0000000008000a14       0x18 Drivers/STM32F4xx_HAL_Driver/Src/stm32f4xx_hal.o
                0x0000000008000a14                HAL_GetTick
 .text.HAL_Delay
                0x0000000008000a2c       0x44 Drivers/STM32F4xx_HAL_Driver/Src/stm32f4xx_hal.o
                0x0000000008000a2c                HAL_Delay
 .text.__NVIC_SetPriorityGrouping
                0x0000000008000a70       0x48 Drivers/STM32F4xx_HAL_Driver/Src/stm32f4xx_hal_cortex.o
 .text.__NVIC_GetPriorityGrouping
                0x0000000008000ab8       0x1c Drivers/STM32F4xx_HAL_Driver/Src/stm32f4xx_hal_cortex.o
 .text.__NVIC_SetPriority
                0x0000000008000ad4       0x54 Drivers/STM32F4xx_HAL_Driver/Src/stm32f4xx_hal_cortex.o
 .text.NVIC_EncodePriority
                0x0000000008000b28       0x66 Drivers/STM32F4xx_HAL_Driver/Src/stm32f4xx_hal_cortex.o
 *fill*         0x0000000008000b8e        0x2 
 .text.SysTick_Config
                0x0000000008000b90       0x44 Drivers/STM32F4xx_HAL_Driver/Src/stm32f4xx_hal_cortex.o
 .text.HAL_NVIC_SetPriorityGrouping
                0x0000000008000bd4       0x16 Drivers/STM32F4xx_HAL_Driver/Src/stm32f4xx_hal_cortex.o
                0x0000000008000bd4                HAL_NVIC_SetPriorityGrouping
 .text.HAL_NVIC_SetPriority
                0x0000000008000bea       0x38 Drivers/STM32F4xx_HAL_Driver/Src/stm32f4xx_hal_cortex.o
                0x0000000008000bea                HAL_NVIC_SetPriority
 .text.HAL_SYSTICK_Config
                0x0000000008000c22       0x18 Drivers/STM32F4xx_HAL_Driver/Src/stm32f4xx_hal_cortex.o
                0x0000000008000c22                HAL_SYSTICK_Config
 *fill*         0x0000000008000c3a        0x2 
 .text.HAL_GPIO_Init
                0x0000000008000c3c      0x324 Drivers/STM32F4xx_HAL_Driver/Src/stm32f4xx_hal_gpio.o
                0x0000000008000c3c                HAL_GPIO_Init
 .text.HAL_GPIO_ReadPin
                0x0000000008000f60       0x30 Drivers/STM32F4xx_HAL_Driver/Src/stm32f4xx_hal_gpio.o
                0x0000000008000f60                HAL_GPIO_ReadPin
 .text.HAL_GPIO_WritePin
                0x0000000008000f90       0x32 Drivers/STM32F4xx_HAL_Driver/Src/stm32f4xx_hal_gpio.o
                0x0000000008000f90                HAL_GPIO_WritePin
 *fill*         0x0000000008000fc2        0x2 
 .text.HAL_RCC_ClockConfig
                0x0000000008000fc4      0x1cc Drivers/STM32F4xx_HAL_Driver/Src/stm32f4xx_hal_rcc.o
                0x0000000008000fc4                HAL_RCC_ClockConfig
 .text.HAL_RCC_GetHCLKFreq
                0x0000000008001190       0x18 Drivers/STM32F4xx_HAL_Driver/Src/stm32f4xx_hal_rcc.o
                0x0000000008001190                HAL_RCC_GetHCLKFreq
 .text.HAL_RCC_GetPCLK1Freq
                0x00000000080011a8       0x28 Drivers/STM32F4xx_HAL_Driver/Src/stm32f4xx_hal_rcc.o
                0x00000000080011a8                HAL_RCC_GetPCLK1Freq
 .text.HAL_RCC_GetPCLK2Freq
                0x00000000080011d0       0x28 Drivers/STM32F4xx_HAL_Driver/Src/stm32f4xx_hal_rcc.o
                0x00000000080011d0                HAL_RCC_GetPCLK2Freq
 .text.HAL_RCC_GetSysClockFreq
                0x00000000080011f8      0x340 Drivers/STM32F4xx_HAL_Driver/Src/stm32f4xx_hal_rcc_ex.o
                0x00000000080011f8                HAL_RCC_GetSysClockFreq
 .text.HAL_RCC_OscConfig
                0x0000000008001538      0x4b4 Drivers/STM32F4xx_HAL_Driver/Src/stm32f4xx_hal_rcc_ex.o
                0x0000000008001538                HAL_RCC_OscConfig
 .text.HAL_UART_Init
                0x00000000080019ec       0x9a Drivers/STM32F4xx_HAL_Driver/Src/stm32f4xx_hal_uart.o
                0x00000000080019ec                HAL_UART_Init
 *fill*         0x0000000008001a86        0x2 
 .text.UART_SetConfig
                0x0000000008001a88      0x6f8 Drivers/STM32F4xx_HAL_Driver/Src/stm32f4xx_hal_uart.o
 .text.__libc_init_array
                0x0000000008002180       0x48 c:/st/stm32cubeide_1.3.0/stm32cubeide/plugins/com.st.stm32cube.ide.mcu.externaltools.gnu-tools-for-stm32.7-2018-q2-update.win32_1.4.0.202007081208/tools/bin/../lib/gcc/arm-none-eabi/7.3.1/../../../../arm-none-eabi/lib/thumb/v7e-m/fpv4-sp/hard\libc_nano.a(lib_a-init.o)
                0x0000000008002180                __libc_init_array
 .text.memset   0x00000000080021c8       0x10 c:/st/stm32cubeide_1.3.0/stm32cubeide/plugins/com.st.stm32cube.ide.mcu.externaltools.gnu-tools-for-stm32.7-2018-q2-update.win32_1.4.0.202007081208/tools/bin/../lib/gcc/arm-none-eabi/7.3.1/../../../../arm-none-eabi/lib/thumb/v7e-m/fpv4-sp/hard\libc_nano.a(lib_a-memset.o)
                0x00000000080021c8                memset
 *(.glue_7)
 .glue_7        0x00000000080021d8        0x0 linker stubs
 *(.glue_7t)
 .glue_7t       0x00000000080021d8        0x0 linker stubs
 *(.eh_frame)
 .eh_frame      0x00000000080021d8        0x0 c:/st/stm32cubeide_1.3.0/stm32cubeide/plugins/com.st.stm32cube.ide.mcu.externaltools.gnu-tools-for-stm32.7-2018-q2-update.win32_1.4.0.202007081208/tools/bin/../lib/gcc/arm-none-eabi/7.3.1/thumb/v7e-m/fpv4-sp/hard/crtbegin.o
 *(.init)
 .init          0x00000000080021d8        0x4 c:/st/stm32cubeide_1.3.0/stm32cubeide/plugins/com.st.stm32cube.ide.mcu.externaltools.gnu-tools-for-stm32.7-2018-q2-update.win32_1.4.0.202007081208/tools/bin/../lib/gcc/arm-none-eabi/7.3.1/thumb/v7e-m/fpv4-sp/hard/crti.o
                0x00000000080021d8                _init
 .init          0x00000000080021dc        0x8 c:/st/stm32cubeide_1.3.0/stm32cubeide/plugins/com.st.stm32cube.ide.mcu.externaltools.gnu-tools-for-stm32.7-2018-q2-update.win32_1.4.0.202007081208/tools/bin/../lib/gcc/arm-none-eabi/7.3.1/thumb/v7e-m/fpv4-sp/hard/crtn.o
 *(.fini)
 .fini          0x00000000080021e4        0x4 c:/st/stm32cubeide_1.3.0/stm32cubeide/plugins/com.st.stm32cube.ide.mcu.externaltools.gnu-tools-for-stm32.7-2018-q2-update.win32_1.4.0.202007081208/tools/bin/../lib/gcc/arm-none-eabi/7.3.1/thumb/v7e-m/fpv4-sp/hard/crti.o
                0x00000000080021e4                _fini
 .fini          0x00000000080021e8        0x8 c:/st/stm32cubeide_1.3.0/stm32cubeide/plugins/com.st.stm32cube.ide.mcu.externaltools.gnu-tools-for-stm32.7-2018-q2-update.win32_1.4.0.202007081208/tools/bin/../lib/gcc/arm-none-eabi/7.3.1/thumb/v7e-m/fpv4-sp/hard/crtn.o
                0x00000000080021f0                . = ALIGN (0x4)
                0x00000000080021f0                _etext = .

.vfp11_veneer   0x00000000080021f0        0x0
 .vfp11_veneer  0x00000000080021f0        0x0 linker stubs

.v4_bx          0x00000000080021f0        0x0
 .v4_bx         0x00000000080021f0        0x0 linker stubs

.iplt           0x00000000080021f0        0x0
 .iplt          0x00000000080021f0        0x0 c:/st/stm32cubeide_1.3.0/stm32cubeide/plugins/com.st.stm32cube.ide.mcu.externaltools.gnu-tools-for-stm32.7-2018-q2-update.win32_1.4.0.202007081208/tools/bin/../lib/gcc/arm-none-eabi/7.3.1/thumb/v7e-m/fpv4-sp/hard/crtbegin.o

.rodata         0x00000000080021f0       0x18
                0x00000000080021f0                . = ALIGN (0x4)
 *(.rodata)
 *(.rodata*)
 .rodata.AHBPrescTable
                0x00000000080021f0       0x10 Core/Src/system_stm32f4xx.o
                0x00000000080021f0                AHBPrescTable
 .rodata.APBPrescTable
                0x0000000008002200        0x8 Core/Src/system_stm32f4xx.o
                0x0000000008002200                APBPrescTable
                0x0000000008002208                . = ALIGN (0x4)

.ARM.extab      0x0000000008002208        0x0
                0x0000000008002208                . = ALIGN (0x4)
 *(.ARM.extab* .gnu.linkonce.armextab.*)
                0x0000000008002208                . = ALIGN (0x4)

.ARM            0x0000000008002208        0x8
                0x0000000008002208                . = ALIGN (0x4)
                0x0000000008002208                __exidx_start = .
 *(.ARM.exidx*)
 .ARM.exidx     0x0000000008002208        0x8 c:/st/stm32cubeide_1.3.0/stm32cubeide/plugins/com.st.stm32cube.ide.mcu.externaltools.gnu-tools-for-stm32.7-2018-q2-update.win32_1.4.0.202007081208/tools/bin/../lib/gcc/arm-none-eabi/7.3.1/thumb/v7e-m/fpv4-sp/hard\libgcc.a(_udivmoddi4.o)
                0x0000000008002210                __exidx_end = .
                0x0000000008002210                . = ALIGN (0x4)

.rel.dyn        0x0000000008002210        0x0
 .rel.iplt      0x0000000008002210        0x0 c:/st/stm32cubeide_1.3.0/stm32cubeide/plugins/com.st.stm32cube.ide.mcu.externaltools.gnu-tools-for-stm32.7-2018-q2-update.win32_1.4.0.202007081208/tools/bin/../lib/gcc/arm-none-eabi/7.3.1/thumb/v7e-m/fpv4-sp/hard/crtbegin.o

.preinit_array  0x0000000008002210        0x0
                0x0000000008002210                . = ALIGN (0x4)
                0x0000000008002210                PROVIDE (__preinit_array_start = .)
 *(.preinit_array*)
                0x0000000008002210                PROVIDE (__preinit_array_end = .)
                0x0000000008002210                . = ALIGN (0x4)

.init_array     0x0000000008002210        0x4
                0x0000000008002210                . = ALIGN (0x4)
                0x0000000008002210                PROVIDE (__init_array_start = .)
 *(SORT_BY_NAME(.init_array.*))
 *(.init_array*)
 .init_array    0x0000000008002210        0x4 c:/st/stm32cubeide_1.3.0/stm32cubeide/plugins/com.st.stm32cube.ide.mcu.externaltools.gnu-tools-for-stm32.7-2018-q2-update.win32_1.4.0.202007081208/tools/bin/../lib/gcc/arm-none-eabi/7.3.1/thumb/v7e-m/fpv4-sp/hard/crtbegin.o
                0x0000000008002214                PROVIDE (__init_array_end = .)
                0x0000000008002214                . = ALIGN (0x4)

.fini_array     0x0000000008002214        0x4
                0x0000000008002214                . = ALIGN (0x4)
                [!provide]                        PROVIDE (__fini_array_start = .)
 *(SORT_BY_NAME(.fini_array.*))
 *(.fini_array*)
 .fini_array    0x0000000008002214        0x4 c:/st/stm32cubeide_1.3.0/stm32cubeide/plugins/com.st.stm32cube.ide.mcu.externaltools.gnu-tools-for-stm32.7-2018-q2-update.win32_1.4.0.202007081208/tools/bin/../lib/gcc/arm-none-eabi/7.3.1/thumb/v7e-m/fpv4-sp/hard/crtbegin.o
                [!provide]                        PROVIDE (__fini_array_end = .)
                0x0000000008002218                . = ALIGN (0x4)
                0x0000000008002218                _sidata = LOADADDR (.data)

.data           0x0000000020000000        0xc load address 0x0000000008002218
                0x0000000020000000                . = ALIGN (0x4)
                0x0000000020000000                _sdata = .
 *(.data)
 *(.data*)
 .data.SystemCoreClock
                0x0000000020000000        0x4 Core/Src/system_stm32f4xx.o
                0x0000000020000000                SystemCoreClock
 .data.uwTickPrio
                0x0000000020000004        0x4 Drivers/STM32F4xx_HAL_Driver/Src/stm32f4xx_hal.o
                0x0000000020000004                uwTickPrio
 .data.uwTickFreq
                0x0000000020000008        0x1 Drivers/STM32F4xx_HAL_Driver/Src/stm32f4xx_hal.o
                0x0000000020000008                uwTickFreq
                0x000000002000000c                . = ALIGN (0x4)
 *fill*         0x0000000020000009        0x3 
                0x000000002000000c                _edata = .

.igot.plt       0x000000002000000c        0x0 load address 0x0000000008002224
 .igot.plt      0x000000002000000c        0x0 c:/st/stm32cubeide_1.3.0/stm32cubeide/plugins/com.st.stm32cube.ide.mcu.externaltools.gnu-tools-for-stm32.7-2018-q2-update.win32_1.4.0.202007081208/tools/bin/../lib/gcc/arm-none-eabi/7.3.1/thumb/v7e-m/fpv4-sp/hard/crtbegin.o
                0x000000002000000c                . = ALIGN (0x4)

.bss            0x000000002000000c       0x60 load address 0x0000000008002224
                0x000000002000000c                _sbss = .
                0x000000002000000c                __bss_start__ = _sbss
 *(.bss)
 .bss           0x000000002000000c       0x1c c:/st/stm32cubeide_1.3.0/stm32cubeide/plugins/com.st.stm32cube.ide.mcu.externaltools.gnu-tools-for-stm32.7-2018-q2-update.win32_1.4.0.202007081208/tools/bin/../lib/gcc/arm-none-eabi/7.3.1/thumb/v7e-m/fpv4-sp/hard/crtbegin.o
 *(.bss*)
 *(COMMON)
 COMMON         0x0000000020000028       0x40 Core/Src/main.o
                0x0000000020000028                huart2
 COMMON         0x0000000020000068        0x4 Drivers/STM32F4xx_HAL_Driver/Src/stm32f4xx_hal.o
                0x0000000020000068                uwTick
                0x000000002000006c                . = ALIGN (0x4)
                0x000000002000006c                _ebss = .
                0x000000002000006c                __bss_end__ = _ebss

._user_heap_stack
                0x000000002000006c      0x604 load address 0x0000000008002224
                0x0000000020000070                . = ALIGN (0x8)
 *fill*         0x000000002000006c        0x4 
                [!provide]                        PROVIDE (end = .)
                0x0000000020000070                PROVIDE (_end = .)
                0x0000000020000270                . = (. + _Min_Heap_Size)
 *fill*         0x0000000020000070      0x200 
                0x0000000020000670                . = (. + _Min_Stack_Size)
 *fill*         0x0000000020000270      0x400 
                0x0000000020000670                . = ALIGN (0x8)

/DISCARD/
 libc.a(*)
 libm.a(*)
 libgcc.a(*)

.ARM.attributes
                0x0000000000000000       0x30
 *(.ARM.attributes)
 .ARM.attributes
                0x0000000000000000       0x22 c:/st/stm32cubeide_1.3.0/stm32cubeide/plugins/com.st.stm32cube.ide.mcu.externaltools.gnu-tools-for-stm32.7-2018-q2-update.win32_1.4.0.202007081208/tools/bin/../lib/gcc/arm-none-eabi/7.3.1/thumb/v7e-m/fpv4-sp/hard/crti.o
 .ARM.attributes
                0x0000000000000022       0x34 c:/st/stm32cubeide_1.3.0/stm32cubeide/plugins/com.st.stm32cube.ide.mcu.externaltools.gnu-tools-for-stm32.7-2018-q2-update.win32_1.4.0.202007081208/tools/bin/../lib/gcc/arm-none-eabi/7.3.1/thumb/v7e-m/fpv4-sp/hard/crtbegin.o
 .ARM.attributes
                0x0000000000000056       0x39 Core/Src/main.o
 .ARM.attributes
                0x000000000000008f       0x39 Core/Src/stm32f4xx_hal_msp.o
 .ARM.attributes
                0x00000000000000c8       0x39 Core/Src/stm32f4xx_it.o
 .ARM.attributes
                0x0000000000000101       0x39 Core/Src/system_stm32f4xx.o
 .ARM.attributes
                0x000000000000013a       0x21 Core/Startup/startup_stm32f446retx.o
 .ARM.attributes
                0x000000000000015b       0x39 Drivers/STM32F4xx_HAL_Driver/Src/stm32f4xx_hal.o
 .ARM.attributes
                0x0000000000000194       0x39 Drivers/STM32F4xx_HAL_Driver/Src/stm32f4xx_hal_cortex.o
 .ARM.attributes
                0x00000000000001cd       0x39 Drivers/STM32F4xx_HAL_Driver/Src/stm32f4xx_hal_gpio.o
 .ARM.attributes
                0x0000000000000206       0x39 Drivers/STM32F4xx_HAL_Driver/Src/stm32f4xx_hal_rcc.o
 .ARM.attributes
                0x000000000000023f       0x39 Drivers/STM32F4xx_HAL_Driver/Src/stm32f4xx_hal_rcc_ex.o
 .ARM.attributes
                0x0000000000000278       0x39 Drivers/STM32F4xx_HAL_Driver/Src/stm32f4xx_hal_uart.o
 .ARM.attributes
                0x00000000000002b1       0x34 c:/st/stm32cubeide_1.3.0/stm32cubeide/plugins/com.st.stm32cube.ide.mcu.externaltools.gnu-tools-for-stm32.7-2018-q2-update.win32_1.4.0.202007081208/tools/bin/../lib/gcc/arm-none-eabi/7.3.1/../../../../arm-none-eabi/lib/thumb/v7e-m/fpv4-sp/hard\libc_nano.a(lib_a-init.o)
 .ARM.attributes
                0x00000000000002e5       0x34 c:/st/stm32cubeide_1.3.0/stm32cubeide/plugins/com.st.stm32cube.ide.mcu.externaltools.gnu-tools-for-stm32.7-2018-q2-update.win32_1.4.0.202007081208/tools/bin/../lib/gcc/arm-none-eabi/7.3.1/../../../../arm-none-eabi/lib/thumb/v7e-m/fpv4-sp/hard\libc_nano.a(lib_a-memset.o)
 .ARM.attributes
                0x0000000000000319       0x22 c:/st/stm32cubeide_1.3.0/stm32cubeide/plugins/com.st.stm32cube.ide.mcu.externaltools.gnu-tools-for-stm32.7-2018-q2-update.win32_1.4.0.202007081208/tools/bin/../lib/gcc/arm-none-eabi/7.3.1/thumb/v7e-m/fpv4-sp/hard\libgcc.a(_aeabi_uldivmod.o)
 .ARM.attributes
                0x000000000000033b       0x34 c:/st/stm32cubeide_1.3.0/stm32cubeide/plugins/com.st.stm32cube.ide.mcu.externaltools.gnu-tools-for-stm32.7-2018-q2-update.win32_1.4.0.202007081208/tools/bin/../lib/gcc/arm-none-eabi/7.3.1/thumb/v7e-m/fpv4-sp/hard\libgcc.a(_udivmoddi4.o)
 .ARM.attributes
                0x000000000000036f       0x22 c:/st/stm32cubeide_1.3.0/stm32cubeide/plugins/com.st.stm32cube.ide.mcu.externaltools.gnu-tools-for-stm32.7-2018-q2-update.win32_1.4.0.202007081208/tools/bin/../lib/gcc/arm-none-eabi/7.3.1/thumb/v7e-m/fpv4-sp/hard\libgcc.a(_dvmd_tls.o)
 .ARM.attributes
                0x0000000000000391       0x22 c:/st/stm32cubeide_1.3.0/stm32cubeide/plugins/com.st.stm32cube.ide.mcu.externaltools.gnu-tools-for-stm32.7-2018-q2-update.win32_1.4.0.202007081208/tools/bin/../lib/gcc/arm-none-eabi/7.3.1/thumb/v7e-m/fpv4-sp/hard/crtn.o
OUTPUT(GPIO_Read.elf elf32-littlearm)

.debug_info     0x0000000000000000     0x61dd
 .debug_info    0x0000000000000000      0xb6f Core/Src/main.o
 .debug_info    0x0000000000000b6f      0x975 Core/Src/stm32f4xx_hal_msp.o
 .debug_info    0x00000000000014e4      0x20a Core/Src/stm32f4xx_it.o
 .debug_info    0x00000000000016ee      0x588 Core/Src/system_stm32f4xx.o
 .debug_info    0x0000000000001c76       0x22 Core/Startup/startup_stm32f446retx.o
 .debug_info    0x0000000000001c98      0x997 Drivers/STM32F4xx_HAL_Driver/Src/stm32f4xx_hal.o
 .debug_info    0x000000000000262f      0xe46 Drivers/STM32F4xx_HAL_Driver/Src/stm32f4xx_hal_cortex.o
 .debug_info    0x0000000000003475      0x803 Drivers/STM32F4xx_HAL_Driver/Src/stm32f4xx_hal_gpio.o
 .debug_info    0x0000000000003c78      0x944 Drivers/STM32F4xx_HAL_Driver/Src/stm32f4xx_hal_rcc.o
 .debug_info    0x00000000000045bc      0x9d5 Drivers/STM32F4xx_HAL_Driver/Src/stm32f4xx_hal_rcc_ex.o
 .debug_info    0x0000000000004f91     0x124c Drivers/STM32F4xx_HAL_Driver/Src/stm32f4xx_hal_uart.o

.debug_abbrev   0x0000000000000000     0x1232
 .debug_abbrev  0x0000000000000000      0x1d6 Core/Src/main.o
 .debug_abbrev  0x00000000000001d6      0x18c Core/Src/stm32f4xx_hal_msp.o
 .debug_abbrev  0x0000000000000362       0xc6 Core/Src/stm32f4xx_it.o
 .debug_abbrev  0x0000000000000428      0x12b Core/Src/system_stm32f4xx.o
 .debug_abbrev  0x0000000000000553       0x12 Core/Startup/startup_stm32f446retx.o
 .debug_abbrev  0x0000000000000565      0x1c7 Drivers/STM32F4xx_HAL_Driver/Src/stm32f4xx_hal.o
 .debug_abbrev  0x000000000000072c      0x2fa Drivers/STM32F4xx_HAL_Driver/Src/stm32f4xx_hal_cortex.o
 .debug_abbrev  0x0000000000000a26      0x1c9 Drivers/STM32F4xx_HAL_Driver/Src/stm32f4xx_hal_gpio.o
 .debug_abbrev  0x0000000000000bef      0x245 Drivers/STM32F4xx_HAL_Driver/Src/stm32f4xx_hal_rcc.o
 .debug_abbrev  0x0000000000000e34      0x1bc Drivers/STM32F4xx_HAL_Driver/Src/stm32f4xx_hal_rcc_ex.o
 .debug_abbrev  0x0000000000000ff0      0x242 Drivers/STM32F4xx_HAL_Driver/Src/stm32f4xx_hal_uart.o

.debug_aranges  0x0000000000000000      0x650
 .debug_aranges
                0x0000000000000000       0x40 Core/Src/main.o
 .debug_aranges
                0x0000000000000040       0x30 Core/Src/stm32f4xx_hal_msp.o
 .debug_aranges
                0x0000000000000070       0x60 Core/Src/stm32f4xx_it.o
 .debug_aranges
                0x00000000000000d0       0x28 Core/Src/system_stm32f4xx.o
 .debug_aranges
                0x00000000000000f8       0x28 Core/Startup/startup_stm32f446retx.o
 .debug_aranges
                0x0000000000000120       0xf0 Drivers/STM32F4xx_HAL_Driver/Src/stm32f4xx_hal.o
 .debug_aranges
                0x0000000000000210      0x118 Drivers/STM32F4xx_HAL_Driver/Src/stm32f4xx_hal_cortex.o
 .debug_aranges
                0x0000000000000328       0x58 Drivers/STM32F4xx_HAL_Driver/Src/stm32f4xx_hal_gpio.o
 .debug_aranges
                0x0000000000000380       0x88 Drivers/STM32F4xx_HAL_Driver/Src/stm32f4xx_hal_rcc.o
 .debug_aranges
                0x0000000000000408       0x78 Drivers/STM32F4xx_HAL_Driver/Src/stm32f4xx_hal_rcc_ex.o
 .debug_aranges
                0x0000000000000480      0x1d0 Drivers/STM32F4xx_HAL_Driver/Src/stm32f4xx_hal_uart.o

.debug_ranges   0x0000000000000000      0x5a8
 .debug_ranges  0x0000000000000000       0x30 Core/Src/main.o
 .debug_ranges  0x0000000000000030       0x20 Core/Src/stm32f4xx_hal_msp.o
 .debug_ranges  0x0000000000000050       0x50 Core/Src/stm32f4xx_it.o
 .debug_ranges  0x00000000000000a0       0x18 Core/Src/system_stm32f4xx.o
 .debug_ranges  0x00000000000000b8       0x20 Core/Startup/startup_stm32f446retx.o
 .debug_ranges  0x00000000000000d8       0xe0 Drivers/STM32F4xx_HAL_Driver/Src/stm32f4xx_hal.o
 .debug_ranges  0x00000000000001b8      0x108 Drivers/STM32F4xx_HAL_Driver/Src/stm32f4xx_hal_cortex.o
 .debug_ranges  0x00000000000002c0       0x48 Drivers/STM32F4xx_HAL_Driver/Src/stm32f4xx_hal_gpio.o
 .debug_ranges  0x0000000000000308       0x78 Drivers/STM32F4xx_HAL_Driver/Src/stm32f4xx_hal_rcc.o
 .debug_ranges  0x0000000000000380       0x68 Drivers/STM32F4xx_HAL_Driver/Src/stm32f4xx_hal_rcc_ex.o
 .debug_ranges  0x00000000000003e8      0x1c0 Drivers/STM32F4xx_HAL_Driver/Src/stm32f4xx_hal_uart.o

.debug_macro    0x0000000000000000    0x20034
 .debug_macro   0x0000000000000000      0x1c9 Core/Src/main.o
 .debug_macro   0x00000000000001c9      0xa5a Core/Src/main.o
 .debug_macro   0x0000000000000c23      0x28e Core/Src/main.o
 .debug_macro   0x0000000000000eb1       0x2e Core/Src/main.o
 .debug_macro   0x0000000000000edf       0x28 Core/Src/main.o
 .debug_macro   0x0000000000000f07       0x22 Core/Src/main.o
 .debug_macro   0x0000000000000f29       0x8e Core/Src/main.o
 .debug_macro   0x0000000000000fb7       0x51 Core/Src/main.o
 .debug_macro   0x0000000000001008       0xef Core/Src/main.o
 .debug_macro   0x00000000000010f7       0x6a Core/Src/main.o
 .debug_macro   0x0000000000001161      0x1df Core/Src/main.o
 .debug_macro   0x0000000000001340       0x1c Core/Src/main.o
 .debug_macro   0x000000000000135c       0x22 Core/Src/main.o
 .debug_macro   0x000000000000137e       0xdf Core/Src/main.o
 .debug_macro   0x000000000000145d     0x102d Core/Src/main.o
 .debug_macro   0x000000000000248a      0x11f Core/Src/main.o
 .debug_macro   0x00000000000025a9    0x1672d Core/Src/main.o
 .debug_macro   0x0000000000018cd6       0x43 Core/Src/main.o
 .debug_macro   0x0000000000018d19     0x3659 Core/Src/main.o
 .debug_macro   0x000000000001c372      0x174 Core/Src/main.o
 .debug_macro   0x000000000001c4e6       0x5a Core/Src/main.o
 .debug_macro   0x000000000001c540      0xc90 Core/Src/main.o
 .debug_macro   0x000000000001d1d0      0x9fe Core/Src/main.o
 .debug_macro   0x000000000001dbce      0x117 Core/Src/main.o
 .debug_macro   0x000000000001dce5      0x1a0 Core/Src/main.o
 .debug_macro   0x000000000001de85       0x27 Core/Src/main.o
 .debug_macro   0x000000000001deac      0x16d Core/Src/main.o
 .debug_macro   0x000000000001e019      0x287 Core/Src/main.o
 .debug_macro   0x000000000001e2a0       0x5f Core/Src/main.o
 .debug_macro   0x000000000001e2ff      0x236 Core/Src/main.o
 .debug_macro   0x000000000001e535      0x132 Core/Src/main.o
 .debug_macro   0x000000000001e667      0x29c Core/Src/main.o
 .debug_macro   0x000000000001e903       0x2e Core/Src/main.o
 .debug_macro   0x000000000001e931      0x11a Core/Src/main.o
 .debug_macro   0x000000000001ea4b       0xe8 Core/Src/main.o
 .debug_macro   0x000000000001eb33       0x89 Core/Src/main.o
 .debug_macro   0x000000000001ebbc      0x287 Core/Src/main.o
 .debug_macro   0x000000000001ee43      0x126 Core/Src/main.o
 .debug_macro   0x000000000001ef69       0x58 Core/Src/main.o
 .debug_macro   0x000000000001efc1      0x1c9 Core/Src/stm32f4xx_hal_msp.o
 .debug_macro   0x000000000001f18a      0x1d3 Core/Src/stm32f4xx_it.o
 .debug_macro   0x000000000001f35d      0x1c0 Core/Src/system_stm32f4xx.o
 .debug_macro   0x000000000001f51d      0x21a Drivers/STM32F4xx_HAL_Driver/Src/stm32f4xx_hal.o
 .debug_macro   0x000000000001f737      0x1ba Drivers/STM32F4xx_HAL_Driver/Src/stm32f4xx_hal_cortex.o
 .debug_macro   0x000000000001f8f1      0x1f0 Drivers/STM32F4xx_HAL_Driver/Src/stm32f4xx_hal_gpio.o
 .debug_macro   0x000000000001fae1      0x1de Drivers/STM32F4xx_HAL_Driver/Src/stm32f4xx_hal_rcc.o
 .debug_macro   0x000000000001fcbf      0x1ba Drivers/STM32F4xx_HAL_Driver/Src/stm32f4xx_hal_rcc_ex.o
 .debug_macro   0x000000000001fe79      0x1bb Drivers/STM32F4xx_HAL_Driver/Src/stm32f4xx_hal_uart.o

.debug_line     0x0000000000000000     0x59e7
 .debug_line    0x0000000000000000      0x707 Core/Src/main.o
 .debug_line    0x0000000000000707      0x6c0 Core/Src/stm32f4xx_hal_msp.o
 .debug_line    0x0000000000000dc7      0x734 Core/Src/stm32f4xx_it.o
 .debug_line    0x00000000000014fb      0x6ab Core/Src/system_stm32f4xx.o
 .debug_line    0x0000000000001ba6       0x85 Core/Startup/startup_stm32f446retx.o
 .debug_line    0x0000000000001c2b      0x895 Drivers/STM32F4xx_HAL_Driver/Src/stm32f4xx_hal.o
 .debug_line    0x00000000000024c0      0x9b9 Drivers/STM32F4xx_HAL_Driver/Src/stm32f4xx_hal_cortex.o
 .debug_line    0x0000000000002e79      0x860 Drivers/STM32F4xx_HAL_Driver/Src/stm32f4xx_hal_gpio.o
 .debug_line    0x00000000000036d9      0x8ed Drivers/STM32F4xx_HAL_Driver/Src/stm32f4xx_hal_rcc.o
 .debug_line    0x0000000000003fc6      0xa7e Drivers/STM32F4xx_HAL_Driver/Src/stm32f4xx_hal_rcc_ex.o
 .debug_line    0x0000000000004a44      0xfa3 Drivers/STM32F4xx_HAL_Driver/Src/stm32f4xx_hal_uart.o

.debug_str      0x0000000000000000    0xc3942
 .debug_str     0x0000000000000000    0xc1c5d Core/Src/main.o
                                      0xc1f37 (size before relaxing)
 .debug_str     0x00000000000c1c5d       0x56 Core/Src/stm32f4xx_hal_msp.o
                                      0xc1dcb (size before relaxing)
 .debug_str     0x00000000000c1cb3       0xbd Core/Src/stm32f4xx_it.o
                                      0xc1892 (size before relaxing)
 .debug_str     0x00000000000c1d70       0xc4 Core/Src/system_stm32f4xx.o
                                      0xc188a (size before relaxing)
 .debug_str     0x00000000000c1e34       0x36 Core/Startup/startup_stm32f446retx.o
                                         0x93 (size before relaxing)
 .debug_str     0x00000000000c1e6a      0xa8f Drivers/STM32F4xx_HAL_Driver/Src/stm32f4xx_hal.o
                                      0xc2398 (size before relaxing)
 .debug_str     0x00000000000c28f9      0x399 Drivers/STM32F4xx_HAL_Driver/Src/stm32f4xx_hal_cortex.o
                                      0xc2162 (size before relaxing)
 .debug_str     0x00000000000c2c92      0x20c Drivers/STM32F4xx_HAL_Driver/Src/stm32f4xx_hal_gpio.o
                                      0xc1ac9 (size before relaxing)
 .debug_str     0x00000000000c2e9e      0x259 Drivers/STM32F4xx_HAL_Driver/Src/stm32f4xx_hal_rcc.o
                                      0xc1c7c (size before relaxing)
 .debug_str     0x00000000000c30f7      0x324 Drivers/STM32F4xx_HAL_Driver/Src/stm32f4xx_hal_rcc_ex.o
                                      0xc1cce (size before relaxing)
 .debug_str     0x00000000000c341b      0x527 Drivers/STM32F4xx_HAL_Driver/Src/stm32f4xx_hal_uart.o
                                      0xc20b1 (size before relaxing)

.comment        0x0000000000000000       0x7b
 .comment       0x0000000000000000       0x7b Core/Src/main.o
                                         0x7c (size before relaxing)
 .comment       0x000000000000007b       0x7c Core/Src/stm32f4xx_hal_msp.o
 .comment       0x000000000000007b       0x7c Core/Src/stm32f4xx_it.o
 .comment       0x000000000000007b       0x7c Core/Src/system_stm32f4xx.o
 .comment       0x000000000000007b       0x7c Drivers/STM32F4xx_HAL_Driver/Src/stm32f4xx_hal.o
 .comment       0x000000000000007b       0x7c Drivers/STM32F4xx_HAL_Driver/Src/stm32f4xx_hal_cortex.o
 .comment       0x000000000000007b       0x7c Drivers/STM32F4xx_HAL_Driver/Src/stm32f4xx_hal_gpio.o
 .comment       0x000000000000007b       0x7c Drivers/STM32F4xx_HAL_Driver/Src/stm32f4xx_hal_rcc.o
 .comment       0x000000000000007b       0x7c Drivers/STM32F4xx_HAL_Driver/Src/stm32f4xx_hal_rcc_ex.o
 .comment       0x000000000000007b       0x7c Drivers/STM32F4xx_HAL_Driver/Src/stm32f4xx_hal_uart.o

.debug_frame    0x0000000000000000     0x18a8
 .debug_frame   0x0000000000000000       0xb0 Core/Src/main.o
 .debug_frame   0x00000000000000b0       0x7c Core/Src/stm32f4xx_hal_msp.o
 .debug_frame   0x000000000000012c      0x10c Core/Src/stm32f4xx_it.o
 .debug_frame   0x0000000000000238       0x58 Core/Src/system_stm32f4xx.o
 .debug_frame   0x0000000000000290      0x374 Drivers/STM32F4xx_HAL_Driver/Src/stm32f4xx_hal.o
 .debug_frame   0x0000000000000604      0x498 Drivers/STM32F4xx_HAL_Driver/Src/stm32f4xx_hal_cortex.o
 .debug_frame   0x0000000000000a9c      0x14c Drivers/STM32F4xx_HAL_Driver/Src/stm32f4xx_hal_gpio.o
 .debug_frame   0x0000000000000be8      0x1f0 Drivers/STM32F4xx_HAL_Driver/Src/stm32f4xx_hal_rcc.o
 .debug_frame   0x0000000000000dd8      0x1e0 Drivers/STM32F4xx_HAL_Driver/Src/stm32f4xx_hal_rcc_ex.o
 .debug_frame   0x0000000000000fb8      0x844 Drivers/STM32F4xx_HAL_Driver/Src/stm32f4xx_hal_uart.o
 .debug_frame   0x00000000000017fc       0x2c c:/st/stm32cubeide_1.3.0/stm32cubeide/plugins/com.st.stm32cube.ide.mcu.externaltools.gnu-tools-for-stm32.7-2018-q2-update.win32_1.4.0.202007081208/tools/bin/../lib/gcc/arm-none-eabi/7.3.1/../../../../arm-none-eabi/lib/thumb/v7e-m/fpv4-sp/hard\libc_nano.a(lib_a-init.o)
 .debug_frame   0x0000000000001828       0x20 c:/st/stm32cubeide_1.3.0/stm32cubeide/plugins/com.st.stm32cube.ide.mcu.externaltools.gnu-tools-for-stm32.7-2018-q2-update.win32_1.4.0.202007081208/tools/bin/../lib/gcc/arm-none-eabi/7.3.1/../../../../arm-none-eabi/lib/thumb/v7e-m/fpv4-sp/hard\libc_nano.a(lib_a-memset.o)
 .debug_frame   0x0000000000001848       0x2c c:/st/stm32cubeide_1.3.0/stm32cubeide/plugins/com.st.stm32cube.ide.mcu.externaltools.gnu-tools-for-stm32.7-2018-q2-update.win32_1.4.0.202007081208/tools/bin/../lib/gcc/arm-none-eabi/7.3.1/thumb/v7e-m/fpv4-sp/hard\libgcc.a(_aeabi_uldivmod.o)
 .debug_frame   0x0000000000001874       0x34 c:/st/stm32cubeide_1.3.0/stm32cubeide/plugins/com.st.stm32cube.ide.mcu.externaltools.gnu-tools-for-stm32.7-2018-q2-update.win32_1.4.0.202007081208/tools/bin/../lib/gcc/arm-none-eabi/7.3.1/thumb/v7e-m/fpv4-sp/hard\libgcc.a(_udivmoddi4.o)
