09:29:19 **** Build of configuration Debug for project BlinkingLED ****
make -j8 all 
arm-none-eabi-gcc "../drivers/Src/stm32f446xx_gpio_driver.c" -mcpu=cortex-m4 -std=gnu11 -g3 -DSTM32 -DSTM32F4 -DSTM32F446RETx -DDEBUG -DNUCLEO_F446RE -c -I../Inc -I"C:/Users/cris1/Desktop/Programming/STM32_Projects/DFR/SDCard-Interface-STM32/BlinkingLED/drivers/Inc" -O0 -ffunction-sections -fdata-sections -Wall -fstack-usage -MMD -MP -MF"drivers/Src/stm32f446xx_gpio_driver.d" -MT"drivers/Src/stm32f446xx_gpio_driver.o" --specs=nano.specs -mfpu=fpv4-sp-d16 -mfloat-abi=hard -mthumb -o "drivers/Src/stm32f446xx_gpio_driver.o"
arm-none-eabi-gcc -mcpu=cortex-m4 -g3 -c -x assembler-with-cpp -MMD -MP -MF"Startup/startup_stm32f446retx.d" -MT"Startup/startup_stm32f446retx.o" --specs=nano.specs -mfpu=fpv4-sp-d16 -mfloat-abi=hard -mthumb -o "Startup/startup_stm32f446retx.o" "../Startup/startup_stm32f446retx.s"
arm-none-eabi-gcc "../Src/main.c" -mcpu=cortex-m4 -std=gnu11 -g3 -DSTM32 -DSTM32F4 -DSTM32F446RETx -DDEBUG -DNUCLEO_F446RE -c -I../Inc -I"C:/Users/cris1/Desktop/Programming/STM32_Projects/DFR/SDCard-Interface-STM32/BlinkingLED/drivers/Inc" -O0 -ffunction-sections -fdata-sections -Wall -fstack-usage -MMD -MP -MF"Src/main.d" -MT"Src/main.o" --specs=nano.specs -mfpu=fpv4-sp-d16 -mfloat-abi=hard -mthumb -o "Src/main.o"
arm-none-eabi-gcc "../Src/syscalls.c" -mcpu=cortex-m4 -std=gnu11 -g3 -DSTM32 -DSTM32F4 -DSTM32F446RETx -DDEBUG -DNUCLEO_F446RE -c -I../Inc -I"C:/Users/cris1/Desktop/Programming/STM32_Projects/DFR/SDCard-Interface-STM32/BlinkingLED/drivers/Inc" -O0 -ffunction-sections -fdata-sections -Wall -fstack-usage -MMD -MP -MF"Src/syscalls.d" -MT"Src/syscalls.o" --specs=nano.specs -mfpu=fpv4-sp-d16 -mfloat-abi=hard -mthumb -o "Src/syscalls.o"
arm-none-eabi-gcc "../Src/sysmem.c" -mcpu=cortex-m4 -std=gnu11 -g3 -DSTM32 -DSTM32F4 -DSTM32F446RETx -DDEBUG -DNUCLEO_F446RE -c -I../Inc -I"C:/Users/cris1/Desktop/Programming/STM32_Projects/DFR/SDCard-Interface-STM32/BlinkingLED/drivers/Inc" -O0 -ffunction-sections -fdata-sections -Wall -fstack-usage -MMD -MP -MF"Src/sysmem.d" -MT"Src/sysmem.o" --specs=nano.specs -mfpu=fpv4-sp-d16 -mfloat-abi=hard -mthumb -o "Src/sysmem.o"
arm-none-eabi-gcc -o "BlinkingLED.elf" @"objects.list"   -mcpu=cortex-m4 -T"C:\Users\cris1\Desktop\Programming\STM32_Projects\DFR\SDCard-Interface-STM32\BlinkingLED\STM32F446RETX_FLASH.ld" --specs=nosys.specs -Wl,-Map="BlinkingLED.map" -Wl,--gc-sections -static --specs=nano.specs -mfpu=fpv4-sp-d16 -mfloat-abi=hard -mthumb -Wl,--start-group -lc -lm -Wl,--end-group
Finished building target: BlinkingLED.elf
 
arm-none-eabi-size   BlinkingLED.elf 
arm-none-eabi-objdump -h -S  BlinkingLED.elf  > "BlinkingLED.list"
arm-none-eabi-objcopy  -O binary  BlinkingLED.elf  "BlinkingLED.bin"
   text	   data	    bss	    dec	    hex	filename
   2060	      8	   1568	   3636	    e34	BlinkingLED.elf
Finished building: default.size.stdout
 
Finished building: BlinkingLED.bin
Finished building: BlinkingLED.list
 
 
09:30:20 **** Incremental Build of configuration Debug for project BlinkingLED ****
make -j8 all 
arm-none-eabi-size   BlinkingLED.elf 
   text	   data	    bss	    dec	    hex	filename
   2060	      8	   1568	   3636	    e34	BlinkingLED.elf
Finished building: default.size.stdout
 
09:30:58 **** Incremental Build of configuration Debug for project BlinkingLED ****
make -j8 all 
arm-none-eabi-size   BlinkingLED.elf 
   text	   data	    bss	    dec	    hex	filename
   2060	      8	   1568	   3636	    e34	BlinkingLED.elf
Finished building: default.size.stdout
 
09:32:04 **** Incremental Build of configuration Debug for project BlinkingLED ****
make -j8 all 
arm-none-eabi-size   BlinkingLED.elf 
   text	   data	    bss	    dec	    hex	filename
   2060	      8	   1568	   3636	    e34	BlinkingLED.elf
Finished building: default.size.stdout
 
